<!DOCTYPE html>
<html>
<head>
  <title>gulp-inject</title>
  <!-- custom:dir -->
  <script src="/lib.js"></script>
  <script src="/lib2.js"></script>
  <link rel="stylesheet" href="/style.css">
  <!-- endcustom -->
</head>
<body>

</body>
</html>
