<!DOCTYPE html><!-- /fixtures/partial.html: --><div>Partial body</div><!-- :/fixtures/partial.html --><h1>Hello world</h1>
