<!DOCTYPE html>
<html>
<head>
  <title>gulp-inject</title>
  <!-- inject:html -->
  <!-- endinject -->
  <!-- inject:css -->
  <!-- endinject -->
</head>
<body>
  <!-- inject:png -->
  <img src="my-image.png" alt="">
  <!-- endinject -->

  <!-- inject:js -->
  <!-- endinject -->

  <!-- custominject -->
  <!-- endcustominject -->

</body>
</html>
