<!DOCTYPE html>
<html>
<head>
  <title>gulp-inject</title>
  <!-- inject:html -->
  <!-- endinject -->
  <!-- inject:css -->
  <!-- endinject -->
</head>
<body>
  <!-- inject:png -->
  <!-- endinject -->

  <!-- inject:js -->
  <script src="/fixtures/versioning.js?ver=d08dbd9df900a027fdf3b33b761f0d51"></script>
  <!-- endinject -->

  <!-- inject:jsx -->
  <!-- endinject -->
</body>
</html>
