<!DOCTYPE html>
<html>
<head>
  <title>gulp-inject</title>
  <!-- inject:html -->
  <!-- endinject -->
  <!-- inject:css -->
  <!-- endinject -->
</head>
<body>
  <!-- inject:png -->
  <!-- endinject -->

  <!-- inject:js -->
  <script src="/fixtures/versioning.js?version=a6183af893aad2ba93861243c00ff63005239f37"></script>
  <!-- endinject -->

  <!-- inject:jsx -->
  <!-- endinject -->
</body>
</html>
